business_sha=246db511bd950e649f59600a5f6cd2ed183be71e

> my-video-creator@0.1.0 test
> node --test tests/*.test.mjs

✔ episode planner creates sixty stable plans and preserves existing edits (1.2996ms)
✔ batch script generation includes only valid unique selected episodes (1.0274ms)
✔ production lists are trimmed and deduplicated (0.3175ms)
✔ art statuses are projections of canonical cards, versions, and references (1.167ms)
✔ production usage is presented as stable episode labels (1.0636ms)
✔ asset adapter initializes protected media without a second metadata request (3.1459ms)
✔ asset adapter reports media records that cannot form a valid clip (0.6105ms)
✔ project assets append to a typed track and remain movable clips (1.0774ms)
✔ asset batch queues missing roots and waits for parent approval before states (2.3635ms)
✔ shot batches are incremental and video waits for a reviewed current frame (0.7407ms)
✔ running work is skipped to prevent duplicate batch submissions (0.2597ms)
✔ shot image batch blocks missing or unapproved film bible bindings (0.3601ms)
✔ auto layout separates dependency lanes and orders shot image/video rows (15.9742ms)
✔ auto layout is deterministic and preserves graph/content fields (0.5702ms)
✔ character dialogue rows connect shots to current voice assets and jobs (1.9921ms)
✔ dialogue generated with an older voice version is shown as missing (0.2697ms)
✔ orbit camera preserves distance and centers look target (6.884ms)
✔ saved scene round trip preserves camera and prompting information (1.5682ms)
✔ domain actions move and trim media without losing the source in point (4.0694ms)
✔ volume automation parser creates ordered local keyframes (4.1791ms)
✔ domain actions validate source bounds and clamp media volume (1.4028ms)
✔ visual fades also create a Twick fade animation for live preview (0.5461ms)
✔ malformed persisted volume metadata is ignored safely (0.3956ms)
✔ missing editor state starts as a fresh Twick project (1.8774ms)
✔ persisted Twick media keeps the canonical MyVideoCreator asset id (0.6427ms)
✔ persisted asset ids rebind stale media URLs to the current project endpoint (0.2806ms)
✔ a regenerated shot asset does not replace an existing timeline clip reference (0.2407ms)
✔ legacy filter names migrate to Twick preview-compatible filter ids (0.2004ms)
✔ editor resolution follows the project aspect ratio (0.3228ms)
✔ four bindings deterministically project to four managed edges and minimal nodes (17.7239ms)
✔ binding changes replace projected edge while preserving dragged visual position (1.0688ms)
✔ binding a state version replaces its parent entity edge instead of duplicating the scene (0.4895ms)
✔ renaming an editable card keeps binding role labels synchronized (0.4473ms)
✔ managed edge deletion is repaired from assetBindings (0.4774ms)
✔ locked and deprecated versions are immutable and deprecated versions cannot bind (0.7574ms)
✔ a bound deprecated version can be explicitly unbound but cannot bind again (0.4256ms)
✔ film bible task progress explains automatic binding repair (1.425ms)
✔ completed film bible task reports repair counts from durable result (0.3778ms)
✔ visual card override wins over the project image policy and inherit restores it (3.0929ms)
✔ uploaded primary reference requires human locking and locked versions are immutable (1.8294ms)
✔ state generation requires and sends the locked parent reference (0.7836ms)
✔ generated primary reference preserves immutable job and parent provenance (0.5693ms)
✔ persisted submission ownership recovers after reload and applies idempotently (0.5997ms)
✔ late result from an older submission cannot replace the current generation (0.2697ms)
✔ locked v1 forks immutable v2 without upgrading old shots or creating work (3.3971ms)
✔ impacted discovery is exact and selected upgrade preserves old media as stale (1.2776ms)
✔ scene and sequence upgrades do not affect shots outside the explicit scope (0.6188ms)
✔ referenced and immutable versions cannot be hard deleted; deprecated stays resolvable (0.8822ms)
✔ visual cards use a reversible deletion marker without removing versions or bindings (0.3955ms)
✔ style version changes mark generated shots stale without removing media (0.4733ms)
✔ generation target resolves only explicit override or project policy (2.0999ms)
✔ deleted project provider is invalid and never falls back silently (0.3162ms)
✔ input edit invalidates all dependent results, preserves independent branch (1.6379ms)
✔ new outputs invalidate previous downstream takes but preserve awaiting batch dependencies (0.5132ms)
✔ compiled Film Bible prompt does not make its fresh image stale (0.2645ms)
✔ compiled dialogue prompt does not make its fresh video stale (0.1864ms)
✔ repairs persisted false stale from a compiled dialogue take but preserves real edits (0.2635ms)
✔ removing an image reference removes its duplicate manual and edge sources (0.4609ms)
✔ selecting a MiniMax first frame keeps narrative edges and invalidates the video branch (0.3809ms)
✔ AI storyboard produces an ordered Twick V1 with stable source links (2.6997ms)
✔ initial edit preserves video original audio and adds configured looping music (0.465ms)
✔ initial edit accepts historical shots that only store pipeline video node ids (0.281ms)
✔ initial edit rejects missing, stale, and overlong shot media (0.2405ms)
✔ fixed character dialogue becomes an audio track and replaces generated video audio (0.4471ms)
✔ initial edit uses only the latest take when dialogue is regenerated (1.2735ms)
✔ task debug data removes secrets and separates the full prompt contract from parameters (2.1482ms)
✔ task detail helpers create a new-window URL and stable elapsed time (0.3291ms)
✔ creation paths require explicit external model policies (1.8656ms)
✔ P1 removes embedded inference files and runtime controls (2.4181ms)
✔ default UI exposes external providers without legacy local-model controls (4.8501ms)
✔ video gateway errors describe external Provider behavior (1.5719ms)
✔ panorama orientation maps center and poles correctly (1.9537ms)
✔ bilinear sampling wraps panorama seam without black borders (0.7586ms)
✔ production library groups and orders episode projects without duplicating state (1.5596ms)
✔ project setup validates required fields and creates the reviewed API payload (3.7196ms)
✔ Bible settings merge preserves visual versions, style version, and unknown keys (0.5133ms)
✔ ratio change invalidates top-level and pipeline-only shot nodes without deleting results (0.5916ms)
✔ target duration changes only the episode planning target (0.2417ms)
✔ video output setting invalidates video results while preserving assets (0.3186ms)
✔ batch preparation repairs missing nodes without duplicating existing work (1.7005ms)
✔ selected pipeline-only shot reuses its stable image and video nodes (1.818ms)
✔ shot nodes form the script to storyboard to image to video chain (0.4502ms)
✔ importing storyboard shots creates the full canvas and preserves existing shot nodes (0.4947ms)
✔ shot prompt edits update linked inputs and invalidate descendants (1.7385ms)
✔ frame conversion respects different model lattices (0.2653ms)
✔ canvas prompt edits update the canonical shot used by reference compilation (0.4229ms)
✔ legacy node-only edits migrate once into canonical shot prompts (0.3225ms)
✔ ordered clips use planned duration and flag incomplete or stale shots (2.3435ms)
✔ episode source references update only the selected episode plan (1.7083ms)
✔ SRT parser imports multiline captions with millisecond timing (1.8186ms)
✔ SRT parser rejects invalid ranges (0.5778ms)
✔ visible pre-action states require an image review (1.6039ms)
✔ a new sensitive image take always needs a fresh review (0.491ms)
✔ table edits and reordering preserve canonical shot identity, bindings, and pipeline (2.7964ms)
✔ audio edits invalidate only the pipeline video branch (0.4111ms)
✔ reference visibility projects canonical bindings in character scene prop order (0.6932ms)
✔ selected generation targets only explicit shots and manual creation performs no generation (1.3102ms)
✔ task center projects durable jobs across episodes with ownership and model context (2.3915ms)
✔ task center filters reuse the six persisted job states (0.5141ms)
✔ production jobs are labelled and filtered independently from their storage episode (0.2357ms)
✔ playhead crosses cuts and retains source trim offset (1.1554ms)
✔ video prompt preview includes exact structured dialogue (1.2782ms)
✔ an authored prompt that already contains every line is preserved (0.2181ms)
✔ a shot without dialogue still exposes its final video prompt (0.1609ms)
✔ video prompt preview states the effective generated duration (0.2123ms)
✔ video workspace projects canonical shots into all production states (2.7224ms)
✔ selected submission contains only explicit stable pipeline video nodes (1.2319ms)
✔ batch review names count provider model and cloud use before submission (0.5078ms)
✔ Ark end frame visibility follows the selected model capability, not provider type (0.2589ms)
✔ fresh model catalog overrides a stale cached end-frame capability (0.2977ms)
✔ Seedance dialogue requires the current locked voice take before paid submission (0.415ms)
✔ Seedance dialogue extends a short shot instead of blocking submission (0.392ms)
✔ locked dialogue never shortens the fixed project video duration (0.4063ms)
✔ project fixed duration overrides a shorter shot and remains visible as submitted duration (0.2811ms)
✔ visual style presets offer distinct common choices and prompt descriptions (1.1691ms)
✔ Doubao TTS 2.0 catalog exposes named presets while allowing custom ids (1.13ms)
✔ guide blocks downstream work and recommends source first (1.0261ms)
✔ guide requires locked primary references before shot images (0.2984ms)
✔ guide asks for asset bindings when a film bible exists (0.1664ms)
✔ guide advances from completed images to video (0.2159ms)
✔ canvas-first script skips optional planning and becomes the recommended formal step (0.2053ms)
✔ workflow shell exposes the production stages in order (1.0001ms)
✔ workflow stage URL survives refresh and rejects unknown stages (0.2492ms)
✔ workflow stages mount the existing workspace views (0.1087ms)
✔ workflow stages separate production planning from episode making (0.1108ms)
✔ global trash navigation requests fresh server state before display (0.138ms)
ℹ tests 126
ℹ suites 0
ℹ pass 126
ℹ fail 0
ℹ cancelled 0
ℹ skipped 0
ℹ todo 0
ℹ duration_ms 820.2097
exit_code=0
