business_sha=fc8feee3d9c3bfaffb39c55ab10d41e0fff7050f

> my-video-creator@0.1.0 test
> node --test tests/*.test.mjs

✔ episode planner creates sixty stable plans and preserves existing edits (1.2086ms)
✔ batch script generation includes only valid unique selected episodes (0.9733ms)
✔ production lists are trimmed and deduplicated (0.3213ms)
✔ art statuses are projections of canonical cards, versions, and references (1.7674ms)
✔ production usage is presented as stable episode labels (1.3937ms)
✔ asset adapter initializes protected media without a second metadata request (7.1664ms)
✔ asset adapter reports media records that cannot form a valid clip (0.55ms)
✔ project assets append to a typed track and remain movable clips (1.1036ms)
✔ asset batch queues missing roots and waits for parent approval before states (3.6497ms)
✔ shot batches are incremental and video waits for a reviewed current frame (0.7584ms)
✔ running work is skipped to prevent duplicate batch submissions (0.2721ms)
✔ shot image batch blocks missing or unapproved film bible bindings (0.3813ms)
✔ auto layout separates dependency lanes and orders shot image/video rows (25.1792ms)
✔ auto layout is deterministic and preserves graph/content fields (0.7934ms)
✔ character dialogue rows connect shots to current voice assets and jobs (2.041ms)
✔ dialogue generated with an older voice version is shown as missing (0.2524ms)
✔ orbit camera preserves distance and centers look target (6.4316ms)
✔ saved scene round trip preserves camera and prompting information (3.9674ms)
✔ domain actions move and trim media without losing the source in point (2.5785ms)
✔ volume automation parser creates ordered local keyframes (1.0638ms)
✔ domain actions validate source bounds and clamp media volume (0.9226ms)
✔ visual fades also create a Twick fade animation for live preview (0.5836ms)
✔ malformed persisted volume metadata is ignored safely (0.4009ms)
✔ missing editor state starts as a fresh Twick project (2.1389ms)
✔ persisted Twick media keeps the canonical MyVideoCreator asset id (1.5473ms)
✔ persisted asset ids rebind stale media URLs to the current project endpoint (0.3452ms)
✔ a regenerated shot asset does not replace an existing timeline clip reference (0.4727ms)
✔ legacy filter names migrate to Twick preview-compatible filter ids (0.3951ms)
✔ editor resolution follows the project aspect ratio (0.4916ms)
✔ four bindings deterministically project to four managed edges and minimal nodes (18.4233ms)
✔ binding changes replace projected edge while preserving dragged visual position (1.1589ms)
✔ binding a state version replaces its parent entity edge instead of duplicating the scene (0.461ms)
✔ renaming an editable card keeps binding role labels synchronized (0.4679ms)
✔ managed edge deletion is repaired from assetBindings (0.571ms)
✔ locked and deprecated versions are immutable and deprecated versions cannot bind (0.877ms)
✔ a bound deprecated version can be explicitly unbound but cannot bind again (0.4732ms)
✔ film bible task progress explains automatic binding repair (1.4063ms)
✔ completed film bible task reports repair counts from durable result (0.3244ms)
✔ visual card override wins over the project image policy and inherit restores it (3.2944ms)
✔ uploaded primary reference requires human locking and locked versions are immutable (1.4934ms)
✔ state generation requires and sends the locked parent reference (0.8746ms)
✔ generated primary reference preserves immutable job and parent provenance (0.712ms)
✔ persisted submission ownership recovers after reload and applies idempotently (0.4426ms)
✔ late result from an older submission cannot replace the current generation (0.2684ms)
✔ locked v1 forks immutable v2 without upgrading old shots or creating work (2.7437ms)
✔ impacted discovery is exact and selected upgrade preserves old media as stale (2.0729ms)
✔ scene and sequence upgrades do not affect shots outside the explicit scope (0.4609ms)
✔ referenced and immutable versions cannot be hard deleted; deprecated stays resolvable (0.7613ms)
✔ visual cards use a reversible deletion marker without removing versions or bindings (0.3282ms)
✔ style version changes mark generated shots stale without removing media (0.4884ms)
✔ generation target resolves only explicit override or project policy (1.9798ms)
✔ deleted project provider is invalid and never falls back silently (0.3028ms)
✔ input edit invalidates all dependent results, preserves independent branch (6.4404ms)
✔ new outputs invalidate previous downstream takes but preserve awaiting batch dependencies (0.5758ms)
✔ compiled Film Bible prompt does not make its fresh image stale (0.2248ms)
✔ compiled dialogue prompt does not make its fresh video stale (0.2272ms)
✔ repairs persisted false stale from a compiled dialogue take but preserves real edits (0.3401ms)
✔ removing an image reference removes its duplicate manual and edge sources (0.3787ms)
✔ selecting a MiniMax first frame keeps narrative edges and invalidates the video branch (0.4121ms)
✔ AI storyboard produces an ordered Twick V1 with stable source links (3.1931ms)
✔ initial edit preserves video original audio and adds configured looping music (0.4146ms)
✔ initial edit accepts historical shots that only store pipeline video node ids (0.3011ms)
✔ initial edit rejects missing, stale, and overlong shot media (0.2589ms)
✔ fixed character dialogue becomes an audio track and replaces generated video audio (0.528ms)
✔ initial edit uses only the latest take when dialogue is regenerated (1.3007ms)
✔ task debug data removes secrets and separates the full prompt contract from parameters (2.1609ms)
✔ task detail helpers create a new-window URL and stable elapsed time (0.5895ms)
✔ creation paths require explicit external model policies (1.9376ms)
✔ P1 removes embedded inference files and runtime controls (2.5418ms)
✔ default UI exposes external providers without legacy local-model controls (11.7415ms)
✔ video gateway errors describe external Provider behavior (2.2425ms)
✔ panorama orientation maps center and poles correctly (2.3175ms)
✔ bilinear sampling wraps panorama seam without black borders (1.0046ms)
✔ production library groups and orders episode projects without duplicating state (2.2228ms)
✔ project setup validates required fields and creates the reviewed API payload (4.1571ms)
✔ Bible settings merge preserves visual versions, style version, and unknown keys (0.471ms)
✔ ratio change invalidates top-level and pipeline-only shot nodes without deleting results (0.5801ms)
✔ target duration changes only the episode planning target (0.2041ms)
✔ video output setting invalidates video results while preserving assets (0.3074ms)
✔ batch preparation repairs missing nodes without duplicating existing work (1.5107ms)
✔ selected pipeline-only shot reuses its stable image and video nodes (2.2818ms)
✔ shot nodes form the script to storyboard to image to video chain (0.4457ms)
✔ importing storyboard shots creates the full canvas and preserves existing shot nodes (0.5299ms)
✔ shot prompt edits update linked inputs and invalidate descendants (1.6982ms)
✔ frame conversion respects different model lattices (0.2467ms)
✔ canvas prompt edits update the canonical shot used by reference compilation (0.4178ms)
✔ legacy node-only edits migrate once into canonical shot prompts (0.2991ms)
✔ ordered clips use planned duration and flag incomplete or stale shots (2.3462ms)
✔ episode source references update only the selected episode plan (2.531ms)
✔ SRT parser imports multiline captions with millisecond timing (2.2664ms)
✔ SRT parser rejects invalid ranges (0.6931ms)
✔ visible pre-action states require an image review (1.4166ms)
✔ a new sensitive image take always needs a fresh review (0.6384ms)
✔ table edits and reordering preserve canonical shot identity, bindings, and pipeline (2.0207ms)
✔ audio edits invalidate only the pipeline video branch (0.5694ms)
✔ reference visibility projects canonical bindings in character scene prop order (0.8533ms)
✔ selected generation targets only explicit shots and manual creation performs no generation (2.4312ms)
✔ task center projects durable jobs across episodes with ownership and model context (2.4792ms)
✔ task center filters reuse the six persisted job states (0.6616ms)
✔ production jobs are labelled and filtered independently from their storage episode (0.2846ms)
✔ playhead crosses cuts and retains source trim offset (1.0053ms)
✔ video prompt preview includes exact structured dialogue (0.9473ms)
✔ an authored prompt that already contains every line is preserved (0.1936ms)
✔ a shot without dialogue still exposes its final video prompt (0.1484ms)
✔ video prompt preview states the effective generated duration (0.2052ms)
✔ video workspace projects canonical shots into all production states (3.3429ms)
✔ selected submission contains only explicit stable pipeline video nodes (0.8142ms)
✔ batch review names count provider model and cloud use before submission (0.4457ms)
✔ Ark end frame visibility follows the selected model capability, not provider type (0.184ms)
✔ fresh model catalog overrides a stale cached end-frame capability (0.2117ms)
✔ Seedance dialogue requires the current locked voice take before paid submission (0.4462ms)
✔ Seedance dialogue extends a short shot instead of blocking submission (0.6976ms)
✔ locked dialogue never shortens the fixed project video duration (0.2874ms)
✔ project fixed duration overrides a shorter shot and remains visible as submitted duration (0.2796ms)
✔ visual style presets offer distinct common choices and prompt descriptions (1.1716ms)
✔ Doubao TTS 2.0 catalog exposes named presets while allowing custom ids (0.6484ms)
✔ guide blocks downstream work and recommends source first (0.9591ms)
✔ guide requires locked primary references before shot images (0.2533ms)
✔ guide asks for asset bindings when a film bible exists (0.1405ms)
✔ guide advances from completed images to video (0.1454ms)
✔ canvas-first script skips optional planning and becomes the recommended formal step (0.1409ms)
✔ workflow shell exposes the production stages in order (1.0653ms)
✔ workflow stage URL survives refresh and rejects unknown stages (0.2611ms)
✔ workflow stages mount the existing workspace views (0.1181ms)
✔ workflow stages separate production planning from episode making (0.1195ms)
✔ global trash navigation requests fresh server state before display (0.1384ms)
ℹ tests 126
ℹ suites 0
ℹ pass 126
ℹ fail 0
ℹ cancelled 0
ℹ skipped 0
ℹ todo 0
ℹ duration_ms 865.0441
exit_code=0
