
> my-video-creator@0.1.0 test
> node --test tests/*.test.mjs

✔ episode planner creates sixty stable plans and preserves existing edits (1.3789ms)
✔ batch script generation includes only valid unique selected episodes (1.0752ms)
✔ production lists are trimmed and deduplicated (0.3014ms)
✔ art statuses are projections of canonical cards, versions, and references (1.0542ms)
✔ production usage is presented as stable episode labels (0.9942ms)
✔ asset adapter initializes protected media without a second metadata request (5.9363ms)
✔ asset adapter reports media records that cannot form a valid clip (1.5117ms)
✔ project assets append to a typed track and remain movable clips (1.1028ms)
✔ asset batch queues missing roots and waits for parent approval before states (2.2373ms)
✔ shot batches are incremental and video waits for a reviewed current frame (0.7323ms)
✔ running work is skipped to prevent duplicate batch submissions (0.3165ms)
✔ shot image batch blocks missing or unapproved film bible bindings (0.3817ms)
✔ auto layout separates dependency lanes and orders shot image/video rows (29.1518ms)
✔ auto layout is deterministic and preserves graph/content fields (8.393ms)
✔ character dialogue rows connect shots to current voice assets and jobs (2.123ms)
✔ dialogue generated with an older voice version is shown as missing (0.3111ms)
✔ orbit camera preserves distance and centers look target (5.4509ms)
✔ saved scene round trip preserves camera and prompting information (1.4438ms)
✔ domain actions move and trim media without losing the source in point (6.214ms)
✔ volume automation parser creates ordered local keyframes (1.1725ms)
✔ domain actions validate source bounds and clamp media volume (0.8191ms)
✔ visual fades also create a Twick fade animation for live preview (0.4452ms)
✔ malformed persisted volume metadata is ignored safely (0.2626ms)
✔ missing editor state starts as a fresh Twick project (2.3775ms)
✔ persisted Twick media keeps the canonical MyVideoCreator asset id (0.9633ms)
✔ persisted asset ids rebind stale media URLs to the current project endpoint (0.5409ms)
✔ a regenerated shot asset does not replace an existing timeline clip reference (0.3736ms)
✔ legacy filter names migrate to Twick preview-compatible filter ids (2.647ms)
✔ editor resolution follows the project aspect ratio (0.3524ms)
✔ four bindings deterministically project to four managed edges and minimal nodes (17.1974ms)
✔ binding changes replace projected edge while preserving dragged visual position (1.0348ms)
✔ binding a state version replaces its parent entity edge instead of duplicating the scene (0.4875ms)
✔ renaming an editable card keeps binding role labels synchronized (0.4506ms)
✔ managed edge deletion is repaired from assetBindings (0.5268ms)
✔ locked and deprecated versions are immutable and deprecated versions cannot bind (0.8427ms)
✔ a bound deprecated version can be explicitly unbound but cannot bind again (0.499ms)
✔ film bible task progress explains automatic binding repair (1.4193ms)
✔ completed film bible task reports repair counts from durable result (0.334ms)
✔ visual card override wins over the project image policy and inherit restores it (3.0677ms)
✔ uploaded primary reference requires human locking and locked versions are immutable (1.2613ms)
✔ state generation requires and sends the locked parent reference (0.7572ms)
✔ generated primary reference preserves immutable job and parent provenance (0.5026ms)
✔ persisted submission ownership recovers after reload and applies idempotently (0.4544ms)
✔ late result from an older submission cannot replace the current generation (0.3568ms)
✔ locked v1 forks immutable v2 without upgrading old shots or creating work (2.2722ms)
✔ impacted discovery is exact and selected upgrade preserves old media as stale (1.9569ms)
✔ scene and sequence upgrades do not affect shots outside the explicit scope (0.4766ms)
✔ referenced and immutable versions cannot be hard deleted; deprecated stays resolvable (0.746ms)
✔ visual cards use a reversible deletion marker without removing versions or bindings (0.3243ms)
✔ style version changes mark generated shots stale without removing media (0.3801ms)
✔ generation target resolves only explicit override or project policy (2.1788ms)
✔ deleted project provider is invalid and never falls back silently (0.3464ms)
✔ input edit invalidates all dependent results, preserves independent branch (1.9759ms)
✔ new outputs invalidate previous downstream takes but preserve awaiting batch dependencies (0.5133ms)
✔ compiled Film Bible prompt does not make its fresh image stale (0.2091ms)
✔ compiled dialogue prompt does not make its fresh video stale (0.197ms)
✔ repairs persisted false stale from a compiled dialogue take but preserves real edits (0.2784ms)
✔ removing an image reference removes its duplicate manual and edge sources (0.3065ms)
✔ selecting a MiniMax first frame keeps narrative edges and invalidates the video branch (1.2377ms)
✔ AI storyboard produces an ordered Twick V1 with stable source links (2.8366ms)
✔ initial edit preserves video original audio and adds configured looping music (0.4548ms)
✔ initial edit accepts historical shots that only store pipeline video node ids (1.2979ms)
✔ initial edit rejects missing, stale, and overlong shot media (0.2585ms)
✔ fixed character dialogue becomes an audio track and replaces generated video audio (0.4658ms)
✔ initial edit uses only the latest take when dialogue is regenerated (0.4736ms)
✔ task debug data removes secrets and separates the full prompt contract from parameters (1.87ms)
✔ task detail helpers create a new-window URL and stable elapsed time (0.2535ms)
✔ creation paths require explicit external model policies (2.5211ms)
✔ P1 removes embedded inference files and runtime controls (2.4475ms)
✔ default UI exposes external providers without legacy local-model controls (4.3326ms)
✔ video gateway errors describe external Provider behavior (0.5868ms)
✔ panorama orientation maps center and poles correctly (1.8978ms)
✔ bilinear sampling wraps panorama seam without black borders (0.8208ms)
✔ production library groups and orders episode projects without duplicating state (1.9878ms)
✔ project setup validates required fields and creates the reviewed API payload (3.273ms)
✔ Bible settings merge preserves visual versions, style version, and unknown keys (0.4382ms)
✔ ratio change invalidates top-level and pipeline-only shot nodes without deleting results (0.5211ms)
✔ target duration changes only the episode planning target (0.2398ms)
✔ video output setting invalidates video results while preserving assets (0.3339ms)
✔ batch preparation repairs missing nodes without duplicating existing work (1.8366ms)
✔ selected pipeline-only shot reuses its stable image and video nodes (1.0535ms)
✔ shot nodes form the script to storyboard to image to video chain (1.4489ms)
✔ importing storyboard shots creates the full canvas and preserves existing shot nodes (0.6531ms)
✔ shot prompt edits update linked inputs and invalidate descendants (1.656ms)
✔ frame conversion respects different model lattices (0.2303ms)
✔ canvas prompt edits update the canonical shot used by reference compilation (0.3532ms)
✔ legacy node-only edits migrate once into canonical shot prompts (0.3138ms)
✔ ordered clips use planned duration and flag incomplete or stale shots (2.3554ms)
✔ episode source references update only the selected episode plan (1.7183ms)
✔ SRT parser imports multiline captions with millisecond timing (2.4645ms)
✔ SRT parser rejects invalid ranges (0.6985ms)
✔ visible pre-action states require an image review (1.3787ms)
✔ a new sensitive image take always needs a fresh review (0.4544ms)
✔ table edits and reordering preserve canonical shot identity, bindings, and pipeline (2.6124ms)
✔ audio edits invalidate only the pipeline video branch (0.7233ms)
✔ reference visibility projects canonical bindings in character scene prop order (0.5546ms)
✔ selected generation targets only explicit shots and manual creation performs no generation (1.668ms)
✔ task center projects durable jobs across episodes with ownership and model context (6.6449ms)
✔ task center filters reuse the six persisted job states (0.5926ms)
✔ production jobs are labelled and filtered independently from their storage episode (0.3584ms)
✔ playhead crosses cuts and retains source trim offset (1.1975ms)
✔ video prompt preview includes exact structured dialogue (1.3271ms)
✔ an authored prompt that already contains every line is preserved (0.2495ms)
✔ a shot without dialogue still exposes its final video prompt (0.1876ms)
✔ video prompt preview states the effective generated duration (0.2331ms)
✔ video workspace projects canonical shots into all production states (3.6392ms)
✔ selected submission contains only explicit stable pipeline video nodes (1.3031ms)
✔ batch review names count provider model and cloud use before submission (0.5542ms)
✔ Ark end frame visibility follows the selected model capability, not provider type (0.2863ms)
✔ fresh model catalog overrides a stale cached end-frame capability (0.3648ms)
✔ Seedance dialogue requires the current locked voice take before paid submission (0.6026ms)
✔ Seedance dialogue extends a short shot instead of blocking submission (0.5262ms)
✔ locked dialogue never shortens the fixed project video duration (0.305ms)
✔ project fixed duration overrides a shorter shot and remains visible as submitted duration (0.3087ms)
✔ visual style presets offer distinct common choices and prompt descriptions (1.4525ms)
✔ Doubao TTS 2.0 catalog exposes named presets while allowing custom ids (0.8348ms)
✔ guide blocks downstream work and recommends source first (1.0472ms)
✔ guide requires locked primary references before shot images (0.2644ms)
✔ guide asks for asset bindings when a film bible exists (0.1479ms)
✔ guide advances from completed images to video (0.156ms)
✔ canvas-first script skips optional planning and becomes the recommended formal step (0.1459ms)
✔ workflow shell exposes the production stages in order (1.7989ms)
✔ workflow stage URL survives refresh and rejects unknown stages (0.5205ms)
✔ workflow stages mount the existing workspace views (0.1975ms)
✔ workflow stages separate production planning from episode making (0.1944ms)
✔ global trash navigation requests fresh server state before display (0.2578ms)
ℹ tests 126
ℹ suites 0
ℹ pass 126
ℹ fail 0
ℹ cancelled 0
ℹ skipped 0
ℹ todo 0
ℹ duration_ms 873.6336
exit_code=0
