
> my-video-creator@0.1.0 test
> node --test tests/*.test.mjs

✔ episode planner creates sixty stable plans and preserves existing edits (1.399ms)
✔ batch script generation includes only valid unique selected episodes (1.1509ms)
✔ production lists are trimmed and deduplicated (0.3177ms)
✔ art statuses are projections of canonical cards, versions, and references (1.3103ms)
✔ production usage is presented as stable episode labels (2.5758ms)
✔ asset adapter initializes protected media without a second metadata request (2.8883ms)
✔ asset adapter reports media records that cannot form a valid clip (0.9193ms)
✔ project assets append to a typed track and remain movable clips (1.0861ms)
✔ asset batch queues missing roots and waits for parent approval before states (2.5831ms)
✔ shot batches are incremental and video waits for a reviewed current frame (0.7323ms)
✔ running work is skipped to prevent duplicate batch submissions (0.2627ms)
✔ shot image batch blocks missing or unapproved film bible bindings (0.3447ms)
✔ auto layout separates dependency lanes and orders shot image/video rows (15.1896ms)
✔ auto layout is deterministic and preserves graph/content fields (0.6167ms)
✔ character dialogue rows connect shots to current voice assets and jobs (2.146ms)
✔ dialogue generated with an older voice version is shown as missing (0.3458ms)
✔ orbit camera preserves distance and centers look target (8.0137ms)
✔ saved scene round trip preserves camera and prompting information (1.5237ms)
✔ domain actions move and trim media without losing the source in point (3.4199ms)
✔ volume automation parser creates ordered local keyframes (0.9835ms)
✔ domain actions validate source bounds and clamp media volume (1.0948ms)
✔ visual fades also create a Twick fade animation for live preview (0.5948ms)
✔ malformed persisted volume metadata is ignored safely (0.4595ms)
✔ missing editor state starts as a fresh Twick project (4.6491ms)
✔ persisted Twick media keeps the canonical MyVideoCreator asset id (0.6059ms)
✔ persisted asset ids rebind stale media URLs to the current project endpoint (0.2257ms)
✔ a regenerated shot asset does not replace an existing timeline clip reference (0.2324ms)
✔ legacy filter names migrate to Twick preview-compatible filter ids (0.1947ms)
✔ editor resolution follows the project aspect ratio (0.251ms)
✔ four bindings deterministically project to four managed edges and minimal nodes (16.1121ms)
✔ binding changes replace projected edge while preserving dragged visual position (1.0476ms)
✔ binding a state version replaces its parent entity edge instead of duplicating the scene (0.4517ms)
✔ renaming an editable card keeps binding role labels synchronized (0.3858ms)
✔ managed edge deletion is repaired from assetBindings (0.459ms)
✔ locked and deprecated versions are immutable and deprecated versions cannot bind (0.7392ms)
✔ a bound deprecated version can be explicitly unbound but cannot bind again (0.4402ms)
✔ film bible task progress explains automatic binding repair (1.5012ms)
✔ completed film bible task reports repair counts from durable result (0.313ms)
✔ visual card override wins over the project image policy and inherit restores it (2.1658ms)
✔ uploaded primary reference requires human locking and locked versions are immutable (1.1179ms)
✔ state generation requires and sends the locked parent reference (0.7374ms)
✔ generated primary reference preserves immutable job and parent provenance (0.5462ms)
✔ persisted submission ownership recovers after reload and applies idempotently (0.5382ms)
✔ late result from an older submission cannot replace the current generation (0.6078ms)
✔ locked v1 forks immutable v2 without upgrading old shots or creating work (4.2194ms)
✔ impacted discovery is exact and selected upgrade preserves old media as stale (2.0818ms)
✔ scene and sequence upgrades do not affect shots outside the explicit scope (0.5222ms)
✔ referenced and immutable versions cannot be hard deleted; deprecated stays resolvable (0.6069ms)
✔ visual cards use a reversible deletion marker without removing versions or bindings (0.364ms)
✔ style version changes mark generated shots stale without removing media (0.5542ms)
✔ generation target resolves only explicit override or project policy (2.3509ms)
✔ deleted project provider is invalid and never falls back silently (0.3307ms)
✔ input edit invalidates all dependent results, preserves independent branch (1.7616ms)
✔ new outputs invalidate previous downstream takes but preserve awaiting batch dependencies (0.7516ms)
✔ compiled Film Bible prompt does not make its fresh image stale (0.339ms)
✔ compiled dialogue prompt does not make its fresh video stale (0.2939ms)
✔ repairs persisted false stale from a compiled dialogue take but preserves real edits (0.3798ms)
✔ removing an image reference removes its duplicate manual and edge sources (0.4443ms)
✔ selecting a MiniMax first frame keeps narrative edges and invalidates the video branch (0.4399ms)
✔ AI storyboard produces an ordered Twick V1 with stable source links (2.5052ms)
✔ initial edit preserves video original audio and adds configured looping music (0.4165ms)
✔ initial edit accepts historical shots that only store pipeline video node ids (0.2615ms)
✔ initial edit rejects missing, stale, and overlong shot media (0.2188ms)
✔ fixed character dialogue becomes an audio track and replaces generated video audio (0.4462ms)
✔ initial edit uses only the latest take when dialogue is regenerated (0.3595ms)
✔ task debug data removes secrets and separates the full prompt contract from parameters (1.9732ms)
✔ task detail helpers create a new-window URL and stable elapsed time (0.358ms)
✔ creation paths require explicit external model policies (1.9982ms)
✔ P1 removes embedded inference files and runtime controls (2.4661ms)
✔ default UI exposes external providers without legacy local-model controls (1.9205ms)
✔ video gateway errors describe external Provider behavior (1.1555ms)
✔ panorama orientation maps center and poles correctly (2.1272ms)
✔ bilinear sampling wraps panorama seam without black borders (0.8403ms)
✔ production library groups and orders episode projects without duplicating state (1.7954ms)
✔ project setup validates required fields and creates the reviewed API payload (3.5498ms)
✔ Bible settings merge preserves visual versions, style version, and unknown keys (0.4279ms)
✔ ratio change invalidates top-level and pipeline-only shot nodes without deleting results (0.5247ms)
✔ target duration changes only the episode planning target (0.1964ms)
✔ video output setting invalidates video results while preserving assets (0.3686ms)
✔ batch preparation repairs missing nodes without duplicating existing work (1.6322ms)
✔ selected pipeline-only shot reuses its stable image and video nodes (1.0611ms)
✔ shot nodes form the script to storyboard to image to video chain (1.3995ms)
✔ importing storyboard shots creates the full canvas and preserves existing shot nodes (0.6232ms)
✔ shot prompt edits update linked inputs and invalidate descendants (1.8315ms)
✔ frame conversion respects different model lattices (0.2596ms)
✔ canvas prompt edits update the canonical shot used by reference compilation (0.3719ms)
✔ legacy node-only edits migrate once into canonical shot prompts (0.3233ms)
✔ ordered clips use planned duration and flag incomplete or stale shots (2.0779ms)
✔ episode source references update only the selected episode plan (1.8269ms)
✔ SRT parser imports multiline captions with millisecond timing (3.2061ms)
✔ SRT parser rejects invalid ranges (0.7293ms)
✔ visible pre-action states require an image review (1.3355ms)
✔ a new sensitive image take always needs a fresh review (0.3685ms)
✔ table edits and reordering preserve canonical shot identity, bindings, and pipeline (2.4214ms)
✔ audio edits invalidate only the pipeline video branch (0.3599ms)
✔ reference visibility projects canonical bindings in character scene prop order (1.5848ms)
✔ selected generation targets only explicit shots and manual creation performs no generation (0.544ms)
✔ task center projects durable jobs across episodes with ownership and model context (2.0968ms)
✔ task center filters reuse the six persisted job states (0.4654ms)
✔ production jobs are labelled and filtered independently from their storage episode (0.2816ms)
✔ playhead crosses cuts and retains source trim offset (0.9521ms)
✔ video prompt preview includes exact structured dialogue (1.3955ms)
✔ an authored prompt that already contains every line is preserved (0.2292ms)
✔ a shot without dialogue still exposes its final video prompt (0.1689ms)
✔ video prompt preview states the effective generated duration (0.2217ms)
✔ video workspace projects canonical shots into all production states (1.8376ms)
✔ selected submission contains only explicit stable pipeline video nodes (0.6484ms)
✔ batch review names count provider model and cloud use before submission (0.2895ms)
✔ Ark end frame visibility follows the selected model capability, not provider type (0.1467ms)
✔ fresh model catalog overrides a stale cached end-frame capability (0.1715ms)
✔ Seedance dialogue requires the current locked voice take before paid submission (0.2618ms)
✔ Seedance dialogue extends a short shot instead of blocking submission (0.2773ms)
✔ locked dialogue never shortens the fixed project video duration (0.1662ms)
✔ project fixed duration overrides a shorter shot and remains visible as submitted duration (0.1612ms)
✔ visual style presets offer distinct common choices and prompt descriptions (0.7366ms)
✔ Doubao TTS 2.0 catalog exposes named presets while allowing custom ids (0.6216ms)
✔ guide blocks downstream work and recommends source first (0.9422ms)
✔ guide requires locked primary references before shot images (0.2586ms)
✔ guide asks for asset bindings when a film bible exists (0.1423ms)
✔ guide advances from completed images to video (0.151ms)
✔ canvas-first script skips optional planning and becomes the recommended formal step (0.144ms)
✔ workflow shell exposes the production stages in order (1.4624ms)
✔ workflow stage URL survives refresh and rejects unknown stages (0.441ms)
✔ workflow stages mount the existing workspace views (0.2151ms)
✔ workflow stages separate production planning from episode making (0.1777ms)
✔ global trash navigation requests fresh server state before display (0.2139ms)
ℹ tests 126
ℹ suites 0
ℹ pass 126
ℹ fail 0
ℹ cancelled 0
ℹ skipped 0
ℹ todo 0
ℹ duration_ms 818.2742
exit_code=0
