Business SHA: cd61996bf6908f66cfd3429d27fa42acb03c144d
Started UTC: 2026-09-16T14:20:38.127Z
Command: python -m pytest tests/test_p3_identity_acl.py tests/test_p3_r2_interleavings.py -q -s
Exit: 0

INFO  [alembic.runtime.migration] Context impl PostgresqlImpl.
INFO  [alembic.runtime.migration] Will assume transactional DDL.
INFO  [alembic.runtime.migration] Running upgrade  -> 0001_postgresql_baseline, PostgreSQL baseline for every retained business table.
INFO  [alembic.runtime.migration] Running upgrade 0001_postgresql_baseline -> 0002_identity_tenancy, Invite-only identity, workspaces, production membership, and audit scope.
..............{"scenario": "absent", "database_waiters": [{"pid": 40164, "wait_event_type": "Lock", "wait_event": "advisory", "blockers": [6328, 40420]}, {"pid": 5144, "wait_event_type": "Lock", "wait_event": "advisory", "blockers": [6328, 40420, 40164]}, {"pid": 8532, "wait_event_type": "Lock", "wait_event": "advisory", "blockers": [6328, 40420, 40164, 5144, 37584, 27004, 32732, 10892, 40628]}, {"pid": 40420, "wait_event_type": "Lock", "wait_event": "advisory", "blockers": [6328]}, {"pid": 40628, "wait_event_type": "Lock", "wait_event": "advisory", "blockers": [6328, 40420, 40164, 5144, 37584, 27004, 32732, 10892]}, {"pid": 27004, "wait_event_type": "Lock", "wait_event": "advisory", "blockers": [6328, 40420, 40164, 5144, 37584]}, {"pid": 40072, "wait_event_type": "Lock", "wait_event": "advisory", "blockers": [6328, 40420, 40164, 5144, 37584, 27004, 32732, 10892, 40628, 8532]}, {"pid": 32732, "wait_event_type": "Lock", "wait_event": "advisory", "blockers": [6328, 40420, 40164, 5144, 37584, 27004]}, {"pid": 10892, "wait_event_type": "Lock", "wait_event": "advisory", "blockers": [6328, 40420, 40164, 5144, 37584, 27004, 32732]}, {"pid": 37584, "wait_event_type": "Lock", "wait_event": "advisory", "blockers": [6328, 40420, 40164, 5144]}], "401": 10, "429": 1, "verify_calls": 10, "final_counts": [10, 10]}
.{"scenario": "expired", "database_waiters": [{"pid": 2388, "wait_event_type": "Lock", "wait_event": "advisory", "blockers": [34852, 38612, 32652]}, {"pid": 31024, "wait_event_type": "Lock", "wait_event": "advisory", "blockers": [34852, 38612, 32652, 2388, 39508, 29316, 29416, 7080, 29964, 39616]}, {"pid": 29416, "wait_event_type": "Lock", "wait_event": "advisory", "blockers": [34852, 38612, 32652, 2388, 39508, 29316]}, {"pid": 38612, "wait_event_type": "Lock", "wait_event": "advisory", "blockers": [34852]}, {"pid": 39616, "wait_event_type": "Lock", "wait_event": "advisory", "blockers": [34852, 38612, 32652, 2388, 39508, 29316, 29416, 7080, 29964]}, {"pid": 29964, "wait_event_type": "Lock", "wait_event": "advisory", "blockers": [34852, 38612, 32652, 2388, 39508, 29316, 29416, 7080]}, {"pid": 32652, "wait_event_type": "Lock", "wait_event": "advisory", "blockers": [34852, 38612]}, {"pid": 29316, "wait_event_type": "Lock", "wait_event": "advisory", "blockers": [34852, 38612, 32652, 2388, 39508]}, {"pid": 39508, "wait_event_type": "Lock", "wait_event": "advisory", "blockers": [34852, 38612, 32652, 2388]}, {"pid": 7080, "wait_event_type": "Lock", "wait_event": "advisory", "blockers": [34852, 38612, 32652, 2388, 39508, 29316, 29416]}], "401": 10, "429": 1, "verify_calls": 10, "final_counts": [10, 10]}
.{"scenario": "cleared", "database_waiters": [{"pid": 39088, "wait_event_type": "Lock", "wait_event": "advisory", "blockers": [39244, 34368, 19636, 38952, 29136, 18832, 34508, 16872, 28304]}, {"pid": 18832, "wait_event_type": "Lock", "wait_event": "advisory", "blockers": [39244, 34368, 19636, 38952, 29136]}, {"pid": 28304, "wait_event_type": "Lock", "wait_event": "advisory", "blockers": [39244, 34368, 19636, 38952, 29136, 18832, 34508, 16872]}, {"pid": 16872, "wait_event_type": "Lock", "wait_event": "advisory", "blockers": [39244, 34368, 19636, 38952, 29136, 18832, 34508]}, {"pid": 30072, "wait_event_type": "Lock", "wait_event": "advisory", "blockers": [39244, 34368, 19636, 38952, 29136, 18832, 34508, 16872, 28304, 39088]}, {"pid": 34508, "wait_event_type": "Lock", "wait_event": "advisory", "blockers": [39244, 34368, 19636, 38952, 29136, 18832]}, {"pid": 29136, "wait_event_type": "Lock", "wait_event": "advisory", "blockers": [39244, 34368, 19636, 38952]}, {"pid": 38952, "wait_event_type": "Lock", "wait_event": "advisory", "blockers": [39244, 34368, 19636]}, {"pid": 19636, "wait_event_type": "Lock", "wait_event": "advisory", "blockers": [39244, 34368]}, {"pid": 34368, "wait_event_type": "Lock", "wait_event": "advisory", "blockers": [39244]}], "401": 10, "429": 1, "verify_calls": 10, "final_counts": [10, 10]}
.{"scenario": "expires_while_waiting", "status": 400, "database_waiters": [{"pid": 11696, "wait_event_type": "Lock", "wait_event": "transactionid", "blockers": [25384]}]}
.{"scenario": "issue_empty", "database_waiters": [{"pid": 39940, "wait_event_type": "Lock", "wait_event": "transactionid", "blockers": [37444]}], "ordered_statuses": [200, 200], "active_token_count": 1, "new_token_consume": 200, "replay_status": 400}
.{"scenario": "issue_existing", "database_waiters": [{"pid": 9708, "wait_event_type": "Lock", "wait_event": "transactionid", "blockers": [29508]}], "ordered_statuses": [200, 200], "active_token_count": 1, "new_token_consume": 200, "replay_status": 400}
.{"scenario": "issue_then_consume", "database_waiters": [{"pid": 30440, "wait_event_type": "Lock", "wait_event": "transactionid", "blockers": [22108]}], "ordered_statuses": [200, 400], "active_token_count": 1, "new_token_consume": 200, "replay_status": 400}
.{"scenario": "consume_then_issue", "database_waiters": [{"pid": 40520, "wait_event_type": "Lock", "wait_event": "transactionid", "blockers": [23124]}], "ordered_statuses": [200, 200], "active_token_count": 1, "new_token_consume": 200, "replay_status": 400}
.{"scenario": "three_login_empty_to_existing", "B_waits_before_A_commit": [{"pid": 40696, "wait_event_type": "Lock", "wait_event": "advisory", "blockers": [40408]}], "C_waits_after_A_commit": [{"pid": 1484, "wait_event_type": "Lock", "wait_event": "advisory", "blockers": [40696]}], "statuses": [401, 401, 401], "verify_calls": 3}
.{"scenario": "two_issuers_between_revoke_insert", "database_waiters": [{"pid": 28344, "wait_event_type": "Lock", "wait_event": "transactionid", "blockers": [21316]}], "overlapping_revoke_steps": false, "statuses": [200, 200], "active_token_count": 1}
.{"scenario": "login_then_reset", "database_waiters": [{"pid": 22784, "wait_event_type": "Lock", "wait_event": "transactionid", "blockers": [34424]}], "statuses": [200, 200], "old_sessions_authenticated": false, "new_password_login": 200}
.{"scenario": "reset_then_login", "database_waiters": [{"pid": 5648, "wait_event_type": "Lock", "wait_event": "transactionid", "blockers": [23740]}], "statuses": [200, 401], "old_sessions_authenticated": false, "new_password_login": 200}
.{"scenario": "same_token_consumers", "database_waiters": [{"pid": 6772, "wait_event_type": "Lock", "wait_event": "advisory", "blockers": [27236]}], "statuses": [200, 400], "old_sessions_authenticated": false, "new_password_login": 200}
.
============================== warnings summary ===============================
tests/test_p3_identity_acl.py::test_event01_02_live_sse_filters_tenants_and_stops_after_membership_and_session_revocation
  C:\Users\kunpeng\AppData\Roaming\Python\Python314\site-packages\websockets\legacy\__init__.py:6: DeprecationWarning: websockets.legacy is deprecated; see https://websockets.readthedocs.io/en/stable/howto/upgrade.html for upgrade instructions
    warnings.warn(  # deprecated in 14.0 - 2024-11-09

tests/test_p3_identity_acl.py::test_event01_02_live_sse_filters_tenants_and_stops_after_membership_and_session_revocation
  C:\Users\kunpeng\AppData\Roaming\Python\Python314\site-packages\uvicorn\protocols\websockets\websockets_impl.py:17: DeprecationWarning: websockets.server.WebSocketServerProtocol is deprecated
    from websockets.server import WebSocketServerProtocol

-- Docs: https://docs.pytest.org/en/stable/how-to/capture-warnings.html
27 passed, 2 warnings in 88.31s (0:01:28)
