Business SHA: cd61996bf6908f66cfd3429d27fa42acb03c144d
Started UTC: 2026-09-16T14:20:48.517Z
Command: npm test
Exit: 0


> my-video-creator@0.1.0 test
> node --test tests/*.test.mjs

✔ episode planner creates sixty stable plans and preserves existing edits (1.1677ms)
✔ batch script generation includes only valid unique selected episodes (0.7962ms)
✔ production lists are trimmed and deduplicated (0.24ms)
✔ art statuses are projections of canonical cards, versions, and references (1.1021ms)
✔ production usage is presented as stable episode labels (0.8863ms)
✔ asset adapter initializes protected media without a second metadata request (2.3138ms)
✔ asset adapter reports media records that cannot form a valid clip (0.3884ms)
✔ project assets append to a typed track and remain movable clips (0.7895ms)
✔ asset batch queues missing roots and waits for parent approval before states (2.0861ms)
✔ shot batches are incremental and video waits for a reviewed current frame (0.6354ms)
✔ running work is skipped to prevent duplicate batch submissions (0.1724ms)
✔ shot image batch blocks missing or unapproved film bible bindings (0.3286ms)
✔ auto layout separates dependency lanes and orders shot image/video rows (13.2535ms)
✔ auto layout is deterministic and preserves graph/content fields (0.612ms)
✔ character dialogue rows connect shots to current voice assets and jobs (2.2005ms)
✔ dialogue generated with an older voice version is shown as missing (0.2854ms)
✔ orbit camera preserves distance and centers look target (5.3855ms)
✔ saved scene round trip preserves camera and prompting information (1.3321ms)
✔ domain actions move and trim media without losing the source in point (3.2364ms)
✔ volume automation parser creates ordered local keyframes (1.094ms)
✔ domain actions validate source bounds and clamp media volume (0.9711ms)
✔ visual fades also create a Twick fade animation for live preview (0.6227ms)
✔ malformed persisted volume metadata is ignored safely (0.4291ms)
✔ missing editor state starts as a fresh Twick project (1.7642ms)
✔ persisted Twick media keeps the canonical MyVideoCreator asset id (0.5736ms)
✔ persisted asset ids rebind stale media URLs to the current project endpoint (0.2462ms)
✔ a regenerated shot asset does not replace an existing timeline clip reference (0.2149ms)
✔ legacy filter names migrate to Twick preview-compatible filter ids (0.1953ms)
✔ editor resolution follows the project aspect ratio (0.2898ms)
✔ four bindings deterministically project to four managed edges and minimal nodes (18.0021ms)
✔ binding changes replace projected edge while preserving dragged visual position (1.1685ms)
✔ binding a state version replaces its parent entity edge instead of duplicating the scene (0.518ms)
✔ renaming an editable card keeps binding role labels synchronized (0.4588ms)
✔ managed edge deletion is repaired from assetBindings (0.5492ms)
✔ locked and deprecated versions are immutable and deprecated versions cannot bind (0.8989ms)
✔ a bound deprecated version can be explicitly unbound but cannot bind again (0.5333ms)
✔ film bible task progress explains automatic binding repair (1.233ms)
✔ completed film bible task reports repair counts from durable result (0.2984ms)
✔ visual card override wins over the project image policy and inherit restores it (2.8741ms)
✔ uploaded primary reference requires human locking and locked versions are immutable (1.2114ms)
✔ state generation requires and sends the locked parent reference (0.6514ms)
✔ generated primary reference preserves immutable job and parent provenance (0.4978ms)
✔ persisted submission ownership recovers after reload and applies idempotently (0.4685ms)
✔ late result from an older submission cannot replace the current generation (0.2525ms)
✔ locked v1 forks immutable v2 without upgrading old shots or creating work (2.9622ms)
✔ impacted discovery is exact and selected upgrade preserves old media as stale (1.1903ms)
✔ scene and sequence upgrades do not affect shots outside the explicit scope (0.4536ms)
✔ referenced and immutable versions cannot be hard deleted; deprecated stays resolvable (0.8489ms)
✔ visual cards use a reversible deletion marker without removing versions or bindings (0.3424ms)
✔ style version changes mark generated shots stale without removing media (0.4886ms)
✔ generation target resolves only explicit override or project policy (1.7379ms)
✔ deleted project provider is invalid and never falls back silently (0.2934ms)
✔ input edit invalidates all dependent results, preserves independent branch (1.9305ms)
✔ new outputs invalidate previous downstream takes but preserve awaiting batch dependencies (0.6177ms)
✔ compiled Film Bible prompt does not make its fresh image stale (0.2697ms)
✔ compiled dialogue prompt does not make its fresh video stale (0.1529ms)
✔ repairs persisted false stale from a compiled dialogue take but preserves real edits (0.2162ms)
✔ removing an image reference removes its duplicate manual and edge sources (0.3055ms)
✔ selecting a MiniMax first frame keeps narrative edges and invalidates the video branch (0.36ms)
✔ AI storyboard produces an ordered Twick V1 with stable source links (2.6294ms)
✔ initial edit preserves video original audio and adds configured looping music (0.5438ms)
✔ initial edit accepts historical shots that only store pipeline video node ids (0.3061ms)
✔ initial edit rejects missing, stale, and overlong shot media (0.2599ms)
✔ fixed character dialogue becomes an audio track and replaces generated video audio (0.7665ms)
✔ initial edit uses only the latest take when dialogue is regenerated (2.3352ms)
✔ task debug data removes secrets and separates the full prompt contract from parameters (1.8824ms)
✔ task detail helpers create a new-window URL and stable elapsed time (0.2901ms)
✔ creation paths require explicit external model policies (1.9411ms)
✔ P1 removes embedded inference files and runtime controls (3.2802ms)
✔ default UI exposes external providers without legacy local-model controls (2.8942ms)
✔ video gateway errors describe external Provider behavior (0.5832ms)
✔ panorama orientation maps center and poles correctly (1.8744ms)
✔ bilinear sampling wraps panorama seam without black borders (0.7979ms)
✔ production library groups and orders episode projects without duplicating state (1.6225ms)
✔ project setup validates required fields and creates the reviewed API payload (2.9744ms)
✔ Bible settings merge preserves visual versions, style version, and unknown keys (0.3407ms)
✔ ratio change invalidates top-level and pipeline-only shot nodes without deleting results (0.3521ms)
✔ target duration changes only the episode planning target (0.2028ms)
✔ video output setting invalidates video results while preserving assets (0.291ms)
✔ batch preparation repairs missing nodes without duplicating existing work (1.8169ms)
✔ selected pipeline-only shot reuses its stable image and video nodes (1.0172ms)
✔ shot nodes form the script to storyboard to image to video chain (0.4768ms)
✔ importing storyboard shots creates the full canvas and preserves existing shot nodes (3.6188ms)
✔ shot prompt edits update linked inputs and invalidate descendants (1.7655ms)
✔ frame conversion respects different model lattices (0.2557ms)
✔ canvas prompt edits update the canonical shot used by reference compilation (0.3869ms)
✔ legacy node-only edits migrate once into canonical shot prompts (0.347ms)
✔ ordered clips use planned duration and flag incomplete or stale shots (1.9891ms)
✔ episode source references update only the selected episode plan (1.3323ms)
✔ SRT parser imports multiline captions with millisecond timing (2.454ms)
✔ SRT parser rejects invalid ranges (0.7803ms)
✔ visible pre-action states require an image review (1.5013ms)
✔ a new sensitive image take always needs a fresh review (0.404ms)
✔ table edits and reordering preserve canonical shot identity, bindings, and pipeline (2.4144ms)
✔ audio edits invalidate only the pipeline video branch (0.2712ms)
✔ reference visibility projects canonical bindings in character scene prop order (0.4677ms)
✔ selected generation targets only explicit shots and manual creation performs no generation (1.4722ms)
✔ task center projects durable jobs across episodes with ownership and model context (2.2882ms)
✔ task center filters reuse the six persisted job states (0.5652ms)
✔ production jobs are labelled and filtered independently from their storage episode (0.3368ms)
✔ playhead crosses cuts and retains source trim offset (0.7181ms)
✔ video prompt preview includes exact structured dialogue (1.2904ms)
✔ an authored prompt that already contains every line is preserved (0.201ms)
✔ a shot without dialogue still exposes its final video prompt (0.1528ms)
✔ video prompt preview states the effective generated duration (0.2725ms)
✔ video workspace projects canonical shots into all production states (2.0962ms)
✔ selected submission contains only explicit stable pipeline video nodes (0.788ms)
✔ batch review names count provider model and cloud use before submission (0.3652ms)
✔ Ark end frame visibility follows the selected model capability, not provider type (0.1622ms)
✔ fresh model catalog overrides a stale cached end-frame capability (0.1838ms)
✔ Seedance dialogue requires the current locked voice take before paid submission (0.2839ms)
✔ Seedance dialogue extends a short shot instead of blocking submission (0.288ms)
✔ locked dialogue never shortens the fixed project video duration (0.1803ms)
✔ project fixed duration overrides a shorter shot and remains visible as submitted duration (0.1617ms)
✔ visual style presets offer distinct common choices and prompt descriptions (0.7878ms)
✔ Doubao TTS 2.0 catalog exposes named presets while allowing custom ids (0.6298ms)
✔ guide blocks downstream work and recommends source first (1.3465ms)
✔ guide requires locked primary references before shot images (0.3841ms)
✔ guide asks for asset bindings when a film bible exists (0.2025ms)
✔ guide advances from completed images to video (0.2004ms)
✔ canvas-first script skips optional planning and becomes the recommended formal step (0.1982ms)
✔ workflow shell exposes the production stages in order (1.1036ms)
✔ workflow stage URL survives refresh and rejects unknown stages (0.3802ms)
✔ workflow stages mount the existing workspace views (0.1338ms)
✔ workflow stages separate production planning from episode making (0.1378ms)
✔ global trash navigation requests fresh server state before display (0.1684ms)
ℹ tests 126
ℹ suites 0
ℹ pass 126
ℹ fail 0
ℹ cancelled 0
ℹ skipped 0
ℹ todo 0
ℹ duration_ms 806.5759
