Business SHA: a8cd59e8247b915737084383f5b53df1f831f4fe
Command: npm test
Exit code: 0


> my-video-creator@0.1.0 test
> node --test tests/*.test.mjs

✔ episode planner creates sixty stable plans and preserves existing edits (1.2953ms)
✔ batch script generation includes only valid unique selected episodes (1.075ms)
✔ production lists are trimmed and deduplicated (0.3086ms)
✔ art statuses are projections of canonical cards, versions, and references (1.4665ms)
✔ production usage is presented as stable episode labels (1.0339ms)
✔ asset adapter initializes protected media without a second metadata request (3.6236ms)
✔ asset adapter reports media records that cannot form a valid clip (1.3883ms)
✔ project assets append to a typed track and remain movable clips (1.2469ms)
✔ asset batch queues missing roots and waits for parent approval before states (2.4034ms)
✔ shot batches are incremental and video waits for a reviewed current frame (0.817ms)
✔ running work is skipped to prevent duplicate batch submissions (0.3214ms)
✔ shot image batch blocks missing or unapproved film bible bindings (0.3971ms)
✔ auto layout separates dependency lanes and orders shot image/video rows (18.9664ms)
✔ auto layout is deterministic and preserves graph/content fields (0.6439ms)
✔ character dialogue rows connect shots to current voice assets and jobs (2.4264ms)
✔ dialogue generated with an older voice version is shown as missing (0.2827ms)
✔ orbit camera preserves distance and centers look target (6.7977ms)
✔ saved scene round trip preserves camera and prompting information (1.7776ms)
✔ domain actions move and trim media without losing the source in point (2.6287ms)
✔ volume automation parser creates ordered local keyframes (1.0346ms)
✔ domain actions validate source bounds and clamp media volume (1.0144ms)
✔ visual fades also create a Twick fade animation for live preview (0.4965ms)
✔ malformed persisted volume metadata is ignored safely (0.3368ms)
✔ missing editor state starts as a fresh Twick project (1.6332ms)
✔ persisted Twick media keeps the canonical MyVideoCreator asset id (0.7926ms)
✔ persisted asset ids rebind stale media URLs to the current project endpoint (0.2498ms)
✔ a regenerated shot asset does not replace an existing timeline clip reference (0.2272ms)
✔ legacy filter names migrate to Twick preview-compatible filter ids (0.1923ms)
✔ editor resolution follows the project aspect ratio (0.299ms)
✔ four bindings deterministically project to four managed edges and minimal nodes (16.8332ms)
✔ binding changes replace projected edge while preserving dragged visual position (1.0586ms)
✔ binding a state version replaces its parent entity edge instead of duplicating the scene (0.4944ms)
✔ renaming an editable card keeps binding role labels synchronized (0.4778ms)
✔ managed edge deletion is repaired from assetBindings (0.526ms)
✔ locked and deprecated versions are immutable and deprecated versions cannot bind (0.9044ms)
✔ a bound deprecated version can be explicitly unbound but cannot bind again (0.5263ms)
✔ film bible task progress explains automatic binding repair (1.4181ms)
✔ completed film bible task reports repair counts from durable result (0.2873ms)
✔ visual card override wins over the project image policy and inherit restores it (2.9317ms)
✔ uploaded primary reference requires human locking and locked versions are immutable (1.1545ms)
✔ state generation requires and sends the locked parent reference (0.6509ms)
✔ generated primary reference preserves immutable job and parent provenance (0.4667ms)
✔ persisted submission ownership recovers after reload and applies idempotently (0.408ms)
✔ late result from an older submission cannot replace the current generation (0.465ms)
✔ locked v1 forks immutable v2 without upgrading old shots or creating work (2.6297ms)
✔ impacted discovery is exact and selected upgrade preserves old media as stale (1.2501ms)
✔ scene and sequence upgrades do not affect shots outside the explicit scope (0.7924ms)
✔ referenced and immutable versions cannot be hard deleted; deprecated stays resolvable (1.1395ms)
✔ visual cards use a reversible deletion marker without removing versions or bindings (0.3391ms)
✔ style version changes mark generated shots stale without removing media (0.4515ms)
✔ generation target resolves only explicit override or project policy (2.5423ms)
✔ deleted project provider is invalid and never falls back silently (0.3798ms)
✔ input edit invalidates all dependent results, preserves independent branch (4.9689ms)
✔ new outputs invalidate previous downstream takes but preserve awaiting batch dependencies (0.5752ms)
✔ compiled Film Bible prompt does not make its fresh image stale (0.2835ms)
✔ compiled dialogue prompt does not make its fresh video stale (0.2375ms)
✔ repairs persisted false stale from a compiled dialogue take but preserves real edits (0.3181ms)
✔ removing an image reference removes its duplicate manual and edge sources (0.3426ms)
✔ selecting a MiniMax first frame keeps narrative edges and invalidates the video branch (0.3981ms)
✔ AI storyboard produces an ordered Twick V1 with stable source links (2.5052ms)
✔ initial edit preserves video original audio and adds configured looping music (0.3173ms)
✔ initial edit accepts historical shots that only store pipeline video node ids (0.2486ms)
✔ initial edit rejects missing, stale, and overlong shot media (0.2362ms)
✔ fixed character dialogue becomes an audio track and replaces generated video audio (0.5668ms)
✔ initial edit uses only the latest take when dialogue is regenerated (0.4858ms)
✔ task debug data removes secrets and separates the full prompt contract from parameters (1.8667ms)
✔ task detail helpers create a new-window URL and stable elapsed time (0.199ms)
✔ creation paths require explicit external model policies (2.0409ms)
✔ P1 removes embedded inference files and runtime controls (2.9095ms)
✔ default UI exposes external providers without legacy local-model controls (3.6354ms)
✔ video gateway errors describe external Provider behavior (0.5855ms)
✔ panorama orientation maps center and poles correctly (1.6033ms)
✔ bilinear sampling wraps panorama seam without black borders (0.69ms)
✔ production library groups and orders episode projects without duplicating state (1.561ms)
✔ project setup validates required fields and creates the reviewed API payload (3.2146ms)
✔ Bible settings merge preserves visual versions, style version, and unknown keys (0.514ms)
✔ ratio change invalidates top-level and pipeline-only shot nodes without deleting results (0.5496ms)
✔ target duration changes only the episode planning target (0.233ms)
✔ video output setting invalidates video results while preserving assets (0.3046ms)
✔ batch preparation repairs missing nodes without duplicating existing work (3.2849ms)
✔ selected pipeline-only shot reuses its stable image and video nodes (1.3081ms)
✔ shot nodes form the script to storyboard to image to video chain (1.2925ms)
✔ importing storyboard shots creates the full canvas and preserves existing shot nodes (0.6227ms)
✔ shot prompt edits update linked inputs and invalidate descendants (1.8882ms)
✔ frame conversion respects different model lattices (0.2371ms)
✔ canvas prompt edits update the canonical shot used by reference compilation (0.3648ms)
✔ legacy node-only edits migrate once into canonical shot prompts (0.3044ms)
✔ ordered clips use planned duration and flag incomplete or stale shots (4.4538ms)
✔ episode source references update only the selected episode plan (1.9075ms)
✔ SRT parser imports multiline captions with millisecond timing (3.0264ms)
✔ SRT parser rejects invalid ranges (0.6401ms)
✔ visible pre-action states require an image review (2.1297ms)
✔ a new sensitive image take always needs a fresh review (0.7901ms)
✔ table edits and reordering preserve canonical shot identity, bindings, and pipeline (5.2543ms)
✔ audio edits invalidate only the pipeline video branch (0.528ms)
✔ reference visibility projects canonical bindings in character scene prop order (1.5066ms)
✔ selected generation targets only explicit shots and manual creation performs no generation (0.559ms)
✔ task center projects durable jobs across episodes with ownership and model context (2.805ms)
✔ task center filters reuse the six persisted job states (0.6622ms)
✔ production jobs are labelled and filtered independently from their storage episode (0.3469ms)
✔ playhead crosses cuts and retains source trim offset (0.8049ms)
✔ video prompt preview includes exact structured dialogue (1.3912ms)
✔ an authored prompt that already contains every line is preserved (0.2562ms)
✔ a shot without dialogue still exposes its final video prompt (0.1724ms)
✔ video prompt preview states the effective generated duration (0.2219ms)
✔ video workspace projects canonical shots into all production states (2.8319ms)
✔ selected submission contains only explicit stable pipeline video nodes (0.7283ms)
✔ batch review names count provider model and cloud use before submission (0.3593ms)
✔ Ark end frame visibility follows the selected model capability, not provider type (0.2188ms)
✔ fresh model catalog overrides a stale cached end-frame capability (0.2529ms)
✔ Seedance dialogue requires the current locked voice take before paid submission (0.3712ms)
✔ Seedance dialogue extends a short shot instead of blocking submission (0.3027ms)
✔ locked dialogue never shortens the fixed project video duration (0.177ms)
✔ project fixed duration overrides a shorter shot and remains visible as submitted duration (0.1559ms)
✔ visual style presets offer distinct common choices and prompt descriptions (1.4348ms)
✔ Doubao TTS 2.0 catalog exposes named presets while allowing custom ids (0.6756ms)
✔ guide blocks downstream work and recommends source first (1.2851ms)
✔ guide requires locked primary references before shot images (0.2684ms)
✔ guide asks for asset bindings when a film bible exists (0.1431ms)
✔ guide advances from completed images to video (0.1569ms)
✔ canvas-first script skips optional planning and becomes the recommended formal step (0.151ms)
✔ workflow shell exposes the production stages in order (1.0383ms)
✔ workflow stage URL survives refresh and rejects unknown stages (0.2563ms)
✔ workflow stages mount the existing workspace views (0.1147ms)
✔ workflow stages separate production planning from episode making (0.1152ms)
✔ global trash navigation requests fresh server state before display (0.14ms)
ℹ tests 126
ℹ suites 0
ℹ pass 126
ℹ fail 0
ℹ cancelled 0
ℹ skipped 0
ℹ todo 0
ℹ duration_ms 909.9578
