{
  "name": "01-npm-ci",
  "command": "npm.cmd ci",
  "started_utc": "2026-09-16T07:05:10.994427+00:00",
  "duration_seconds": 40.511,
  "exit_code": 0,
  "log": "01-npm-ci.log"
}

npm warn deprecated inflight@1.0.6: This module is not supported, and leaks memory. Do not use it. Check out lru-cache if you want a good and tested way to coalesce async requests by a key value, which is much more comprehensive and powerful.
npm warn deprecated npmlog@5.0.1: This package is no longer supported.
npm warn deprecated rimraf@3.0.2: Rimraf versions prior to v4 are no longer supported
npm warn deprecated glob@7.2.3: Glob versions prior to v9 are no longer supported
npm warn deprecated abab@2.0.6: Use your platform's native atob() and btoa() methods instead
npm warn deprecated are-we-there-yet@2.0.0: This package is no longer supported.
npm warn deprecated domexception@4.0.0: Use your platform's native DOMException instead
npm warn deprecated gauge@3.0.2: This package is no longer supported.
npm warn deprecated puppeteer@23.11.1: < 24.15.0 is no longer supported
npm warn deprecated fluent-ffmpeg@2.1.3: Package no longer supported. Contact Support at https://www.npmjs.com/support for more info.
npm warn deprecated mathjax-full@3.2.2: Version 4 replaces this package with the scoped package @mathjax/src

added 383 packages in 40s

45 packages are looking for funding
  run `npm fund` for details
