
> my-video-creator@0.1.0 test
> node --test tests/*.test.mjs

✔ episode planner creates sixty stable plans and preserves existing edits (1.3518ms)
✔ batch script generation includes only valid unique selected episodes (1.0202ms)
✔ production lists are trimmed and deduplicated (0.3569ms)
✔ art statuses are projections of canonical cards, versions, and references (1.0762ms)
✔ production usage is presented as stable episode labels (0.9499ms)
✔ asset adapter initializes protected media without a second metadata request (2.7878ms)
✔ asset adapter reports media records that cannot form a valid clip (0.7418ms)
✔ project assets append to a typed track and remain movable clips (1.094ms)
✔ asset batch queues missing roots and waits for parent approval before states (2.1843ms)
✔ shot batches are incremental and video waits for a reviewed current frame (0.7547ms)
✔ running work is skipped to prevent duplicate batch submissions (0.3519ms)
✔ shot image batch blocks missing or unapproved film bible bindings (0.5936ms)
✔ auto layout separates dependency lanes and orders shot image/video rows (15.5853ms)
✔ auto layout is deterministic and preserves graph/content fields (0.6111ms)
✔ character dialogue rows connect shots to current voice assets and jobs (2.153ms)
✔ dialogue generated with an older voice version is shown as missing (0.2915ms)
✔ orbit camera preserves distance and centers look target (5.7657ms)
✔ saved scene round trip preserves camera and prompting information (1.3289ms)
✔ domain actions move and trim media without losing the source in point (3.419ms)
✔ volume automation parser creates ordered local keyframes (1.0516ms)
✔ domain actions validate source bounds and clamp media volume (1.0079ms)
✔ visual fades also create a Twick fade animation for live preview (0.876ms)
✔ malformed persisted volume metadata is ignored safely (0.4041ms)
✔ missing editor state starts as a fresh Twick project (2.0099ms)
✔ persisted Twick media keeps the canonical MyVideoCreator asset id (0.6385ms)
✔ persisted asset ids rebind stale media URLs to the current project endpoint (0.2475ms)
✔ a regenerated shot asset does not replace an existing timeline clip reference (0.3ms)
✔ legacy filter names migrate to Twick preview-compatible filter ids (1.0249ms)
✔ editor resolution follows the project aspect ratio (0.4533ms)
✔ four bindings deterministically project to four managed edges and minimal nodes (17.9525ms)
✔ binding changes replace projected edge while preserving dragged visual position (1.1266ms)
✔ binding a state version replaces its parent entity edge instead of duplicating the scene (0.5539ms)
✔ renaming an editable card keeps binding role labels synchronized (0.5076ms)
✔ managed edge deletion is repaired from assetBindings (0.6154ms)
✔ locked and deprecated versions are immutable and deprecated versions cannot bind (1.0081ms)
✔ a bound deprecated version can be explicitly unbound but cannot bind again (1.6543ms)
✔ film bible task progress explains automatic binding repair (1.6438ms)
✔ completed film bible task reports repair counts from durable result (0.3338ms)
✔ visual card override wins over the project image policy and inherit restores it (3.3733ms)
✔ uploaded primary reference requires human locking and locked versions are immutable (1.2164ms)
✔ state generation requires and sends the locked parent reference (1.0078ms)
✔ generated primary reference preserves immutable job and parent provenance (0.7005ms)
✔ persisted submission ownership recovers after reload and applies idempotently (0.4725ms)
✔ late result from an older submission cannot replace the current generation (0.29ms)
✔ locked v1 forks immutable v2 without upgrading old shots or creating work (4.1512ms)
✔ impacted discovery is exact and selected upgrade preserves old media as stale (1.9752ms)
✔ scene and sequence upgrades do not affect shots outside the explicit scope (0.9076ms)
✔ referenced and immutable versions cannot be hard deleted; deprecated stays resolvable (0.7859ms)
✔ visual cards use a reversible deletion marker without removing versions or bindings (0.3975ms)
✔ style version changes mark generated shots stale without removing media (0.3785ms)
✔ generation target resolves only explicit override or project policy (2.0111ms)
✔ deleted project provider is invalid and never falls back silently (0.2673ms)
✔ input edit invalidates all dependent results, preserves independent branch (1.4174ms)
✔ new outputs invalidate previous downstream takes but preserve awaiting batch dependencies (0.5184ms)
✔ compiled Film Bible prompt does not make its fresh image stale (0.2522ms)
✔ compiled dialogue prompt does not make its fresh video stale (0.2585ms)
✔ repairs persisted false stale from a compiled dialogue take but preserves real edits (0.3572ms)
✔ removing an image reference removes its duplicate manual and edge sources (0.3841ms)
✔ selecting a MiniMax first frame keeps narrative edges and invalidates the video branch (0.3984ms)
✔ AI storyboard produces an ordered Twick V1 with stable source links (2.5981ms)
✔ initial edit preserves video original audio and adds configured looping music (0.3913ms)
✔ initial edit accepts historical shots that only store pipeline video node ids (0.254ms)
✔ initial edit rejects missing, stale, and overlong shot media (0.2054ms)
✔ fixed character dialogue becomes an audio track and replaces generated video audio (0.4052ms)
✔ initial edit uses only the latest take when dialogue is regenerated (1.4612ms)
✔ task debug data removes secrets and separates the full prompt contract from parameters (1.7892ms)
✔ task detail helpers create a new-window URL and stable elapsed time (0.3998ms)
✔ creation paths require explicit external model policies (1.8438ms)
✔ P1 removes embedded inference files and runtime controls (3.365ms)
✔ default UI exposes external providers without legacy local-model controls (2.4192ms)
✔ video gateway errors describe external Provider behavior (1.4157ms)
✔ panorama orientation maps center and poles correctly (1.6934ms)
✔ bilinear sampling wraps panorama seam without black borders (0.7416ms)
✔ production library groups and orders episode projects without duplicating state (1.4064ms)
✔ project setup validates required fields and creates the reviewed API payload (4.4211ms)
✔ Bible settings merge preserves visual versions, style version, and unknown keys (0.494ms)
✔ ratio change invalidates top-level and pipeline-only shot nodes without deleting results (0.6694ms)
✔ target duration changes only the episode planning target (0.354ms)
✔ video output setting invalidates video results while preserving assets (0.3367ms)
✔ batch preparation repairs missing nodes without duplicating existing work (2.7112ms)
✔ selected pipeline-only shot reuses its stable image and video nodes (1.0618ms)
✔ shot nodes form the script to storyboard to image to video chain (1.3002ms)
✔ importing storyboard shots creates the full canvas and preserves existing shot nodes (0.5227ms)
✔ shot prompt edits update linked inputs and invalidate descendants (1.4455ms)
✔ frame conversion respects different model lattices (0.2144ms)
✔ canvas prompt edits update the canonical shot used by reference compilation (0.3706ms)
✔ legacy node-only edits migrate once into canonical shot prompts (0.3844ms)
✔ ordered clips use planned duration and flag incomplete or stale shots (1.6961ms)
✔ episode source references update only the selected episode plan (1.2763ms)
✔ SRT parser imports multiline captions with millisecond timing (1.4152ms)
✔ SRT parser rejects invalid ranges (0.4271ms)
✔ visible pre-action states require an image review (1.2268ms)
✔ a new sensitive image take always needs a fresh review (0.4036ms)
✔ table edits and reordering preserve canonical shot identity, bindings, and pipeline (2.5367ms)
✔ audio edits invalidate only the pipeline video branch (0.428ms)
✔ reference visibility projects canonical bindings in character scene prop order (0.5147ms)
✔ selected generation targets only explicit shots and manual creation performs no generation (1.3043ms)
✔ task center projects durable jobs across episodes with ownership and model context (1.9898ms)
✔ task center filters reuse the six persisted job states (0.7343ms)
✔ production jobs are labelled and filtered independently from their storage episode (0.2724ms)
✔ playhead crosses cuts and retains source trim offset (0.6649ms)
✔ video prompt preview includes exact structured dialogue (0.8117ms)
✔ an authored prompt that already contains every line is preserved (0.1177ms)
✔ a shot without dialogue still exposes its final video prompt (0.1067ms)
✔ video prompt preview states the effective generated duration (0.1347ms)
✔ video workspace projects canonical shots into all production states (1.9154ms)
✔ selected submission contains only explicit stable pipeline video nodes (0.6284ms)
✔ batch review names count provider model and cloud use before submission (0.2607ms)
✔ Ark end frame visibility follows the selected model capability, not provider type (0.1451ms)
✔ fresh model catalog overrides a stale cached end-frame capability (0.2106ms)
✔ Seedance dialogue requires the current locked voice take before paid submission (0.3328ms)
✔ Seedance dialogue extends a short shot instead of blocking submission (0.3197ms)
✔ locked dialogue never shortens the fixed project video duration (0.1719ms)
✔ project fixed duration overrides a shorter shot and remains visible as submitted duration (0.1646ms)
✔ visual style presets offer distinct common choices and prompt descriptions (1.1577ms)
✔ Doubao TTS 2.0 catalog exposes named presets while allowing custom ids (0.6042ms)
✔ guide blocks downstream work and recommends source first (0.9931ms)
✔ guide requires locked primary references before shot images (0.2691ms)
✔ guide asks for asset bindings when a film bible exists (0.1414ms)
✔ guide advances from completed images to video (0.1591ms)
✔ canvas-first script skips optional planning and becomes the recommended formal step (0.1375ms)
✔ workflow shell exposes the production stages in order (0.994ms)
✔ workflow stage URL survives refresh and rejects unknown stages (0.2351ms)
✔ workflow stages mount the existing workspace views (0.1086ms)
✔ workflow stages separate production planning from episode making (0.1077ms)
✔ global trash navigation requests fresh server state before display (0.1284ms)
ℹ tests 126
ℹ suites 0
ℹ pass 126
ℹ fail 0
ℹ cancelled 0
ℹ skipped 0
ℹ todo 0
ℹ duration_ms 763.3304
exit_code=0
