business_sha=938b665e133ab014f1820991720da973082592a0
manual_port=7879
primary_data_dir=%TEMP%\ovc-p2-evidence-938b665-a
secondary_data_dir=%TEMP%\ovc-p2-evidence-938b665-b
primary_start_begin
Web: http://127.0.0.1:7879 (PID 23044, instance ovc-df449a0153c6fcf3dfe6e4b3433a1bba)
Worker: PID 29248, instance ovc-df449a0153c6fcf3dfe6e4b3433a1bba
Web and Worker have separate lifecycle records. Other computers use this host LAN IP and port.
primary_start_end
health_begin
{
  "status": "ok",
  "app": "安影",
  "version": "0.1.0",
  "role": "web",
  "instance_id": "ovc-df449a0153c6fcf3dfe6e4b3433a1bba"
}
health_contains_database_url=False
health_end
database_identity_begin
{"database_name": "ovc_test_p2_evidence_938b665", "pg_backend_pid": 31624, "schema_name": "public", "server_version": "18.6"}
database_identity_end
second_worker_begin
worker process was not stopped: recorded process is no longer running.
second_worker_unexpected_success=false
second_worker_error=Worker exited: Worker refused to start: This PostgreSQL queue already has a Worker; the second Worker was refused.

second_worker_end
primary_stop_begin
web process was not stopped: PID creation time does not match the recorded lifecycle.
worker process was not stopped: PID creation time does not match the recorded lifecycle.
primary_stop_end
port_after_stop_begin
listener_count=1
port_after_stop_end
